Archive member included to satisfy reference by file (symbol)

/Applications/STM32CubeIDE.app/Contents/Eclipse/plugins/com.st.stm32cube.ide.mcu.externaltools.gnu-tools-for-stm32.13.3.rel1.macos64_1.0.100.202509120712/tools/bin/../lib/gcc/arm-none-eabi/13.3.1/../../../../arm-none-eabi/lib/thumb/v7e-m+fp/hard/libc_nano.a(libc_a-exit.o)
                              /Applications/STM32CubeIDE.app/Contents/Eclipse/plugins/com.st.stm32cube.ide.mcu.externaltools.gnu-tools-for-stm32.13.3.rel1.macos64_1.0.100.202509120712/tools/bin/../lib/gcc/arm-none-eabi/13.3.1/../../../../arm-none-eabi/lib/thumb/v7e-m+fp/hard/crt0.o (exit)
/Applications/STM32CubeIDE.app/Contents/Eclipse/plugins/com.st.stm32cube.ide.mcu.externaltools.gnu-tools-for-stm32.13.3.rel1.macos64_1.0.100.202509120712/tools/bin/../lib/gcc/arm-none-eabi/13.3.1/../../../../arm-none-eabi/lib/thumb/v7e-m+fp/hard/libc_nano.a(libc_a-findfp.o)
                              /Applications/STM32CubeIDE.app/Contents/Eclipse/plugins/com.st.stm32cube.ide.mcu.externaltools.gnu-tools-for-stm32.13.3.rel1.macos64_1.0.100.202509120712/tools/bin/../lib/gcc/arm-none-eabi/13.3.1/../../../../arm-none-eabi/lib/thumb/v7e-m+fp/hard/libc_nano.a(libc_a-exit.o) (__stdio_exit_handler)
/Applications/STM32CubeIDE.app/Contents/Eclipse/plugins/com.st.stm32cube.ide.mcu.externaltools.gnu-tools-for-stm32.13.3.rel1.macos64_1.0.100.202509120712/tools/bin/../lib/gcc/arm-none-eabi/13.3.1/../../../../arm-none-eabi/lib/thumb/v7e-m+fp/hard/libc_nano.a(libc_a-fwalk.o)
                              /Applications/STM32CubeIDE.app/Contents/Eclipse/plugins/com.st.stm32cube.ide.mcu.externaltools.gnu-tools-for-stm32.13.3.rel1.macos64_1.0.100.202509120712/tools/bin/../lib/gcc/arm-none-eabi/13.3.1/../../../../arm-none-eabi/lib/thumb/v7e-m+fp/hard/libc_nano.a(libc_a-findfp.o) (_fwalk_sglue)
/Applications/STM32CubeIDE.app/Contents/Eclipse/plugins/com.st.stm32cube.ide.mcu.externaltools.gnu-tools-for-stm32.13.3.rel1.macos64_1.0.100.202509120712/tools/bin/../lib/gcc/arm-none-eabi/13.3.1/../../../../arm-none-eabi/lib/thumb/v7e-m+fp/hard/libc_nano.a(libc_a-memset.o)
                              /Applications/STM32CubeIDE.app/Contents/Eclipse/plugins/com.st.stm32cube.ide.mcu.externaltools.gnu-tools-for-stm32.13.3.rel1.macos64_1.0.100.202509120712/tools/bin/../lib/gcc/arm-none-eabi/13.3.1/../../../../arm-none-eabi/lib/thumb/v7e-m+fp/hard/crt0.o (memset)
/Applications/STM32CubeIDE.app/Contents/Eclipse/plugins/com.st.stm32cube.ide.mcu.externaltools.gnu-tools-for-stm32.13.3.rel1.macos64_1.0.100.202509120712/tools/bin/../lib/gcc/arm-none-eabi/13.3.1/../../../../arm-none-eabi/lib/thumb/v7e-m+fp/hard/libc_nano.a(libc_a-errno.o)
                              ./Core/Src/syscalls.o (__errno)
/Applications/STM32CubeIDE.app/Contents/Eclipse/plugins/com.st.stm32cube.ide.mcu.externaltools.gnu-tools-for-stm32.13.3.rel1.macos64_1.0.100.202509120712/tools/bin/../lib/gcc/arm-none-eabi/13.3.1/../../../../arm-none-eabi/lib/thumb/v7e-m+fp/hard/libc_nano.a(libc_a-init.o)
                              /Applications/STM32CubeIDE.app/Contents/Eclipse/plugins/com.st.stm32cube.ide.mcu.externaltools.gnu-tools-for-stm32.13.3.rel1.macos64_1.0.100.202509120712/tools/bin/../lib/gcc/arm-none-eabi/13.3.1/../../../../arm-none-eabi/lib/thumb/v7e-m+fp/hard/crt0.o (__libc_init_array)
/Applications/STM32CubeIDE.app/Contents/Eclipse/plugins/com.st.stm32cube.ide.mcu.externaltools.gnu-tools-for-stm32.13.3.rel1.macos64_1.0.100.202509120712/tools/bin/../lib/gcc/arm-none-eabi/13.3.1/../../../../arm-none-eabi/lib/thumb/v7e-m+fp/hard/libc_nano.a(libc_a-lock.o)
                              /Applications/STM32CubeIDE.app/Contents/Eclipse/plugins/com.st.stm32cube.ide.mcu.externaltools.gnu-tools-for-stm32.13.3.rel1.macos64_1.0.100.202509120712/tools/bin/../lib/gcc/arm-none-eabi/13.3.1/../../../../arm-none-eabi/lib/thumb/v7e-m+fp/hard/libc_nano.a(libc_a-findfp.o) (__retarget_lock_init_recursive)
/Applications/STM32CubeIDE.app/Contents/Eclipse/plugins/com.st.stm32cube.ide.mcu.externaltools.gnu-tools-for-stm32.13.3.rel1.macos64_1.0.100.202509120712/tools/bin/../lib/gcc/arm-none-eabi/13.3.1/../../../../arm-none-eabi/lib/thumb/v7e-m+fp/hard/libc_nano.a(libc_a-impure.o)
                              /Applications/STM32CubeIDE.app/Contents/Eclipse/plugins/com.st.stm32cube.ide.mcu.externaltools.gnu-tools-for-stm32.13.3.rel1.macos64_1.0.100.202509120712/tools/bin/../lib/gcc/arm-none-eabi/13.3.1/../../../../arm-none-eabi/lib/thumb/v7e-m+fp/hard/libc_nano.a(libc_a-errno.o) (_impure_ptr)
/Applications/STM32CubeIDE.app/Contents/Eclipse/plugins/com.st.stm32cube.ide.mcu.externaltools.gnu-tools-for-stm32.13.3.rel1.macos64_1.0.100.202509120712/tools/bin/../lib/gcc/arm-none-eabi/13.3.1/../../../../arm-none-eabi/lib/thumb/v7e-m+fp/hard/libc_nano.a(libc_a-mallocr.o)
[...]
Memory Configuration

Name             Origin             Length             Attributes
RAM              0x20000000         0x00020000         xrw
FLASH            0x08000000         0x00080000         xr
*default*        0x00000000         0xffffffff

Linker script and memory map

LOAD /Applications/STM32CubeIDE.app/Contents/Eclipse/plugins/com.st.stm32cube.ide.mcu.externaltools.gnu-tools-for-stm32.13.3.rel1.macos64_1.0.100.202509120712/tools/bin/../lib/gcc/arm-none-eabi/13.3.1/thumb/v7e-m+fp/hard/crti.o
LOAD /Applications/STM32CubeIDE.app/Contents/Eclipse/plugins/com.st.stm32cube.ide.mcu.externaltools.gnu-tools-for-stm32.13.3.rel1.macos64_1.0.100.202509120712/tools/bin/../lib/gcc/arm-none-eabi/13.3.1/thumb/v7e-m+fp/hard/crtbegin.o
LOAD /Applications/STM32CubeIDE.app/Contents/Eclipse/plugins/com.st.stm32cube.ide.mcu.externaltools.gnu-tools-for-stm32.13.3.rel1.macos64_1.0.100.202509120712/tools/bin/../lib/gcc/arm-none-eabi/13.3.1/../../../../arm-none-eabi/lib/thumb/v7e-m+fp/hard/crt0.o
LOAD ./Core/Src/hcsr04.o
LOAD ./Core/Src/main.o
LOAD ./Core/Src/pin_config.o
LOAD ./Core/Src/spi.o
LOAD ./Core/Src/stm32g4xx_it.o
LOAD ./Core/Src/syscalls.o
LOAD ./Core/Src/sysmem.o
LOAD ./Core/Src/system_stm32g4xx.o
LOAD ./Core/Src/systick.o
LOAD ./Core/Startup/startup_stm32g474retx.o
START GROUP
LOAD /Applications/STM32CubeIDE.app/Contents/Eclipse/plugins/com.st.stm32cube.ide.mcu.externaltools.gnu-tools-for-stm32.13.3.rel1.macos64_1.0.100.202509120712/tools/bin/../lib/gcc/arm-none-eabi/13.3.1/../../../../arm-none-eabi/lib/thumb/v7e-m+fp/hard/libc_nano.a
LOAD /Applications/STM32CubeIDE.app/Contents/Eclipse/plugins/com.st.stm32cube.ide.mcu.externaltools.gnu-tools-for-stm32.13.3.rel1.macos64_1.0.100.202509120712/tools/bin/../lib/gcc/arm-none-eabi/13.3.1/../../../../arm-none-eabi/lib/thumb/v7e-m+fp/hard/libm.a
END GROUP
START GROUP
LOAD /Applications/STM32CubeIDE.app/Contents/Eclipse/plugins/com.st.stm32cube.ide.mcu.externaltools.gnu-tools-for-stm32.13.3.rel1.macos64_1.0.100.202509120712/tools/bin/../lib/gcc/arm-none-eabi/13.3.1/thumb/v7e-m+fp/hard/libgcc.a
LOAD /Applications/STM32CubeIDE.app/Contents/Eclipse/plugins/com.st.stm32cube.ide.mcu.externaltools.gnu-tools-for-stm32.13.3.rel1.macos64_1.0.100.202509120712/tools/bin/../lib/gcc/arm-none-eabi/13.3.1/../../../../arm-none-eabi/lib/thumb/v7e-m+fp/hard/libc_nano.a
END GROUP
START GROUP
LOAD /Applications/STM32CubeIDE.app/Contents/Eclipse/plugins/com.st.stm32cube.ide.mcu.externaltools.gnu-tools-for-stm32.13.3.rel1.macos64_1.0.100.202509120712/tools/bin/../lib/gcc/arm-none-eabi/13.3.1/thumb/v7e-m+fp/hard/libgcc.a
LOAD /Applications/STM32CubeIDE.app/Contents/Eclipse/plugins/com.st.stm32cube.ide.mcu.externaltools.gnu-tools-for-stm32.13.3.rel1.macos64_1.0.100.202509120712/tools/bin/../lib/gcc/arm-none-eabi/13.3.1/../../../../arm-none-eabi/lib/thumb/v7e-m+fp/hard/libc_nano.a
LOAD /Applications/STM32CubeIDE.app/Contents/Eclipse/plugins/com.st.stm32cube.ide.mcu.externaltools.gnu-tools-for-stm32.13.3.rel1.macos64_1.0.100.202509120712/tools/bin/../lib/gcc/arm-none-eabi/13.3.1/../../../../arm-none-eabi/lib/thumb/v7e-m+fp/hard/libnosys.a
END GROUP
START GROUP
LOAD /Applications/STM32CubeIDE.app/Contents/Eclipse/plugins/com.st.stm32cube.ide.mcu.externaltools.gnu-tools-for-stm32.13.3.rel1.macos64_1.0.100.202509120712/tools/bin/../lib/gcc/arm-none-eabi/13.3.1/thumb/v7e-m+fp/hard/libgcc.a
LOAD /Applications/STM32CubeIDE.app/Contents/Eclipse/plugins/com.st.stm32cube.ide.mcu.externaltools.gnu-tools-for-stm32.13.3.rel1.macos64_1.0.100.202509120712/tools/bin/../lib/gcc/arm-none-eabi/13.3.1/../../../../arm-none-eabi/lib/thumb/v7e-m+fp/hard/libc_nano.a
LOAD /Applications/STM32CubeIDE.app/Contents/Eclipse/plugins/com.st.stm32cube.ide.mcu.externaltools.gnu-tools-for-stm32.13.3.rel1.macos64_1.0.100.202509120712/tools/bin/../lib/gcc/arm-none-eabi/13.3.1/../../../../arm-none-eabi/lib/thumb/v7e-m+fp/hard/libnosys.a
END GROUP
LOAD /Applications/STM32CubeIDE.app/Contents/Eclipse/plugins/com.st.stm32cube.ide.mcu.externaltools.gnu-tools-for-stm32.13.3.rel1.macos64_1.0.100.202509120712/tools/bin/../lib/gcc/arm-none-eabi/13.3.1/thumb/v7e-m+fp/hard/crtend.o
LOAD /Applications/STM32CubeIDE.app/Contents/Eclipse/plugins/com.st.stm32cube.ide.mcu.externaltools.gnu-tools-for-stm32.13.3.rel1.macos64_1.0.100.202509120712/tools/bin/../lib/gcc/arm-none-eabi/13.3.1/thumb/v7e-m+fp/hard/crtn.o
                0x20020000                        _estack = (ORIGIN (RAM) + LENGTH (RAM))
                0x00000200                        _Min_Heap_Size = 0x200
                0x00000400                        _Min_Stack_Size = 0x400

.isr_vector     0x08000000      0x1d8
                0x08000000                        . = ALIGN (0x4)
 *(.isr_vector)
 .isr_vector    0x08000000      0x1d8 ./Core/Startup/startup_stm32g474retx.o
                0x08000000                g_pfnVectors
                0x080001d8                        . = ALIGN (0x4)

.text           0x080001d8      0xe80
                0x080001d8                        . = ALIGN (0x4)
 *(.text)
 .text          0x080001d8       0x40 /Applications/STM32CubeIDE.app/Contents/Eclipse/plugins/com.st.stm32cube.ide.mcu.externaltools.gnu-tools-for-stm32.13.3.rel1.macos64_1.0.100.202509120712/tools/bin/../lib/gcc/arm-none-eabi/13.3.1/thumb/v7e-m+fp/hard/crtbegin.o
 *(.text*)
 .text.__NVIC_EnableIRQ
                0x08000218       0x3c ./Core/Src/hcsr04.o
 .text.hcsr04_delay_us
                0x08000254       0x34 ./Core/Src/hcsr04.o
 .text.hcsr04_init
                0x08000288       0xc4 ./Core/Src/hcsr04.o
                0x08000288                hcsr04_init
 .text.hcsr04_start_measurement
                0x0800034c       0x48 ./Core/Src/hcsr04.o
                0x0800034c                hcsr04_start_measurement
 .text.hcsr04_handle_exti_irq
                0x08000394       0x74 ./Core/Src/hcsr04.o
                0x08000394                hcsr04_handle_exti_irq
 .text.hcsr04_measurement_ready
                0x08000408       0x18 ./Core/Src/hcsr04.o
                0x08000408                hcsr04_measurement_ready
 .text.hcsr04_get_pulse_width_us
                0x08000420       0x18 ./Core/Src/hcsr04.o
                0x08000420                hcsr04_get_pulse_width_us
 .text.__NVIC_SetPriority
                0x08000438       0x54 ./Core/Src/main.o
 .text.SysTick_Config
                0x0800048c       0x44 ./Core/Src/main.o
 .text.main     0x080004d0      0x20c ./Core/Src/main.o
                0x080004d0                main
 .text.wait     0x080006dc       0x2e ./Core/Src/main.o
 *fill*         0x0800070a        0x2 
 .text.translateInstructionsAmount
                0x0800070c      0x1d4 ./Core/Src/main.o
                0x0800070c                translateInstructionsAmount
 .text.pin_init
                0x080008e0      0x1a0 ./Core/Src/pin_config.o
                0x080008e0                pin_init
 .text.pin_init_input
                0x08000a80       0x4e ./Core/Src/pin_config.o
                0x08000a80                pin_init_input
 .text.set_gpio_pin
                0x08000ace       0x38 ./Core/Src/pin_config.o
                0x08000ace                set_gpio_pin
 *fill*         0x08000b06        0x2 
 .text.enable_timer
                0x08000b08       0xb4 ./Core/Src/pin_config.o
                0x08000b08                enable_timer
 .text.set_pwm  0x08000bbc       0x1e ./Core/Src/pin_config.o
                0x08000bbc                set_pwm
 *fill*         0x08000bda        0x2 
 .text.__NVIC_EnableIRQ
                0x08000bdc       0x3c ./Core/Src/spi.o
 .text.spi_write8
                0x08000c18       0x20 ./Core/Src/spi.o
 .text.spi_read8
                0x08000c38       0x1c ./Core/Src/spi.o
 .text.set_tx_buffer
                0x08000c54       0xa8 ./Core/Src/spi.o
                0x08000c54                set_tx_buffer
 .text.spi_init
                0x08000cfc      0x11c ./Core/Src/spi.o
                0x08000cfc                spi_init
 .text.SPI1_IRQHandler
                0x08000e18       0xd4 ./Core/Src/spi.o
                0x08000e18                SPI1_IRQHandler
 .text.NMI_Handler
                0x08000eec        0x8 ./Core/Src/stm32g4xx_it.o
                0x08000eec                NMI_Handler
 .text.HardFault_Handler
                0x08000ef4        0x8 ./Core/Src/stm32g4xx_it.o
                0x08000ef4                HardFault_Handler
 .text.MemManage_Handler
                0x08000efc        0x8 ./Core/Src/stm32g4xx_it.o
                0x08000efc                MemManage_Handler
 .text.BusFault_Handler
                0x08000f04        0x8 ./Core/Src/stm32g4xx_it.o
                0x08000f04                BusFault_Handler
 .text.UsageFault_Handler
                0x08000f0c        0x8 ./Core/Src/stm32g4xx_it.o
                0x08000f0c                UsageFault_Handler
 .text.SVC_Handler
                0x08000f14        0xe ./Core/Src/stm32g4xx_it.o
                0x08000f14                SVC_Handler
 .text.DebugMon_Handler
                0x08000f22        0xe ./Core/Src/stm32g4xx_it.o
                0x08000f22                DebugMon_Handler
 .text.PendSV_Handler
                0x08000f30        0xe ./Core/Src/stm32g4xx_it.o
                0x08000f30                PendSV_Handler
 .text.EXTI9_5_IRQHandler
                0x08000f3e        0xc ./Core/Src/stm32g4xx_it.o
                0x08000f3e                EXTI9_5_IRQHandler
 *fill*         0x08000f4a        0x2 
 .text.SystemInit
                0x08000f4c       0x24 ./Core/Src/system_stm32g4xx.o
                0x08000f4c                SystemInit
 .text.SysTick_Handler
                0x08000f70       0x1c ./Core/Src/systick.o
                0x08000f70                SysTick_Handler
 .text.get_ms   0x08000f8c       0x18 ./Core/Src/systick.o
                0x08000f8c                get_ms
 .text.Reset_Handler
                0x08000fa4       0x50 ./Core/Startup/startup_stm32g474retx.o
                0x08000fa4                Reset_Handler
 .text.Default_Handler
                0x08000ff4        0x2 ./Core/Startup/startup_stm32g474retx.o
                0x08000ff4                TIM1_BRK_TIM15_IRQHandler
                0x08000ff4                EXTI2_IRQHandler
                0x08000ff4                TIM8_TRG_COM_IRQHandler
                0x08000ff4                TIM8_CC_IRQHandler
                0x08000ff4                HRTIM1_Master_IRQHandler
                0x08000ff4                SPI4_IRQHandler
                0x08000ff4                FDCAN3_IT0_IRQHandler
                0x08000ff4                TIM1_CC_IRQHandler
                0x08000ff4                HRTIM1_FLT_IRQHandler
                0x08000ff4                HRTIM1_TIMF_IRQHandler
                0x08000ff4                USB_HP_IRQHandler
                0x08000ff4                CORDIC_IRQHandler
                0x08000ff4                HRTIM1_TIMD_IRQHandler
                0x08000ff4                DMA2_Channel8_IRQHandler
                0x08000ff4                EXTI3_IRQHandler
                0x08000ff4                I2C3_ER_IRQHandler
                0x08000ff4                EXTI0_IRQHandler
                0x08000ff4                I2C2_EV_IRQHandler
                0x08000ff4                FPU_IRQHandler
                0x08000ff4                FDCAN1_IT1_IRQHandler
                0x08000ff4                TIM1_UP_TIM16_IRQHandler
                0x08000ff4                ADC1_2_IRQHandler
                0x08000ff4                HRTIM1_TIME_IRQHandler
                0x08000ff4                TIM6_DAC_IRQHandler
                0x08000ff4                HRTIM1_TIMC_IRQHandler
                0x08000ff4                TIM8_UP_IRQHandler
                0x08000ff4                DMA2_Channel2_IRQHandler
                0x08000ff4                DMA1_Channel4_IRQHandler
                0x08000ff4                TIM20_TRG_COM_IRQHandler
                0x08000ff4                USART3_IRQHandler
                0x08000ff4                DMA1_Channel7_IRQHandler
                0x08000ff4                UART5_IRQHandler
                0x08000ff4                ADC3_IRQHandler
                0x08000ff4                TIM4_IRQHandler
                0x08000ff4                DMA2_Channel1_IRQHandler
                0x08000ff4                QUADSPI_IRQHandler
                0x08000ff4                I2C1_EV_IRQHandler
                0x08000ff4                DMA1_Channel6_IRQHandler
                0x08000ff4                UART4_IRQHandler
                0x08000ff4                DMA2_Channel4_IRQHandler
                0x08000ff4                TIM3_IRQHandler
                0x08000ff4                RCC_IRQHandler
                0x08000ff4                TIM20_UP_IRQHandler
                0x08000ff4                DMA1_Channel1_IRQHandler
                0x08000ff4                Default_Handler
                0x08000ff4                DMA2_Channel7_IRQHandler
                0x08000ff4                RTC_TAMP_LSECSS_IRQHandler
                0x08000ff4                FMAC_IRQHandler
                0x08000ff4                EXTI15_10_IRQHandler
                0x08000ff4                DMA1_Channel8_IRQHandler
                0x08000ff4                HRTIM1_TIMA_IRQHandler
                0x08000ff4                TIM7_DAC_IRQHandler
                0x08000ff4                FDCAN3_IT1_IRQHandler
                0x08000ff4                TIM5_IRQHandler
                0x08000ff4                UCPD1_IRQHandler
                0x08000ff4                I2C3_EV_IRQHandler
                0x08000ff4                RTC_WKUP_IRQHandler
                0x08000ff4                PVD_PVM_IRQHandler
                0x08000ff4                SPI2_IRQHandler
                0x08000ff4                ADC5_IRQHandler
                0x08000ff4                DMA2_Channel5_IRQHandler
                0x08000ff4                CRS_IRQHandler
                0x08000ff4                DMA1_Channel5_IRQHandler
                0x08000ff4                USB_LP_IRQHandler
                0x08000ff4                EXTI4_IRQHandler
                0x08000ff4                RNG_IRQHandler
                0x08000ff4                HRTIM1_TIMB_IRQHandler
                0x08000ff4                TIM1_TRG_COM_TIM17_IRQHandler
                0x08000ff4                FDCAN2_IT1_IRQHandler
                0x08000ff4                DMA1_Channel3_IRQHandler
                0x08000ff4                ADC4_IRQHandler
                0x08000ff4                WWDG_IRQHandler
                0x08000ff4                I2C4_EV_IRQHandler
                0x08000ff4                FDCAN2_IT0_IRQHandler
                0x08000ff4                LPUART1_IRQHandler
                0x08000ff4                DMA2_Channel6_IRQHandler
                0x08000ff4                FDCAN1_IT0_IRQHandler
                0x08000ff4                TIM2_IRQHandler
                0x08000ff4                COMP7_IRQHandler
                0x08000ff4                COMP1_2_3_IRQHandler
                0x08000ff4                EXTI1_IRQHandler
                0x08000ff4                USART2_IRQHandler
                0x08000ff4                COMP4_5_6_IRQHandler
                0x08000ff4                TIM20_BRK_IRQHandler
                0x08000ff4                I2C2_ER_IRQHandler
                0x08000ff4                DMA1_Channel2_IRQHandler
                0x08000ff4                TIM8_BRK_IRQHandler
                0x08000ff4                FLASH_IRQHandler
                0x08000ff4                TIM20_CC_IRQHandler
                0x08000ff4                USART1_IRQHandler
                0x08000ff4                SPI3_IRQHandler
                0x08000ff4                I2C1_ER_IRQHandler
                0x08000ff4                FMC_IRQHandler
                0x08000ff4                LPTIM1_IRQHandler
                0x08000ff4                DMAMUX_OVR_IRQHandler
                0x08000ff4                I2C4_ER_IRQHandler
                0x08000ff4                USBWakeUp_IRQHandler
                0x08000ff4                SAI1_IRQHandler
                0x08000ff4                DMA2_Channel3_IRQHandler
                0x08000ff4                RTC_Alarm_IRQHandler
 *fill*         0x08000ff6        0x2 
 .text.__libc_init_array
                0x08000ff8       0x48 /Applications/STM32CubeIDE.app/Contents/Eclipse/plugins/com.st.stm32cube.ide.mcu.externaltools.gnu-tools-for-stm32.13.3.rel1.macos64_1.0.100.202509120712/tools/bin/../lib/gcc/arm-none-eabi/13.3.1/../../../../arm-none-eabi/lib/thumb/v7e-m+fp/hard/libc_nano.a(libc_a-init.o)
                0x08000ff8                __libc_init_array
 *(.glue_7)
 .glue_7        0x08001040        0x0 linker stubs
 *(.glue_7t)
 .glue_7t       0x08001040        0x0 linker stubs
 *(.eh_frame)
 .eh_frame      0x08001040        0x0 /Applications/STM32CubeIDE.app/Contents/Eclipse/plugins/com.st.stm32cube.ide.mcu.externaltools.gnu-tools-for-stm32.13.3.rel1.macos64_1.0.100.202509120712/tools/bin/../lib/gcc/arm-none-eabi/13.3.1/thumb/v7e-m+fp/hard/crtbegin.o
 *(.init)
 .init          0x08001040        0x4 /Applications/STM32CubeIDE.app/Contents/Eclipse/plugins/com.st.stm32cube.ide.mcu.externaltools.gnu-tools-for-stm32.13.3.rel1.macos64_1.0.100.202509120712/tools/bin/../lib/gcc/arm-none-eabi/13.3.1/thumb/v7e-m+fp/hard/crti.o
                0x08001040                _init
 .init          0x08001044        0x8 /Applications/STM32CubeIDE.app/Contents/Eclipse/plugins/com.st.stm32cube.ide.mcu.externaltools.gnu-tools-for-stm32.13.3.rel1.macos64_1.0.100.202509120712/tools/bin/../lib/gcc/arm-none-eabi/13.3.1/thumb/v7e-m+fp/hard/crtn.o
 *(.fini)
 .fini          0x0800104c        0x4 /Applications/STM32CubeIDE.app/Contents/Eclipse/plugins/com.st.stm32cube.ide.mcu.externaltools.gnu-tools-for-stm32.13.3.rel1.macos64_1.0.100.202509120712/tools/bin/../lib/gcc/arm-none-eabi/13.3.1/thumb/v7e-m+fp/hard/crti.o
                0x0800104c                _fini
 .fini          0x08001050        0x8 /Applications/STM32CubeIDE.app/Contents/Eclipse/plugins/com.st.stm32cube.ide.mcu.externaltools.gnu-tools-for-stm32.13.3.rel1.macos64_1.0.100.202509120712/tools/bin/../lib/gcc/arm-none-eabi/13.3.1/thumb/v7e-m+fp/hard/crtn.o
                0x08001058                        . = ALIGN (0x4)
                0x08001058                        _etext = .

.vfp11_veneer   0x08001058        0x0
 .vfp11_veneer  0x08001058        0x0 linker stubs

.v4_bx          0x08001058        0x0
 .v4_bx         0x08001058        0x0 linker stubs

.iplt           0x08001058        0x0
 .iplt          0x08001058        0x0 /Applications/STM32CubeIDE.app/Contents/Eclipse/plugins/com.st.stm32cube.ide.mcu.externaltools.gnu-tools-for-stm32.13.3.rel1.macos64_1.0.100.202509120712/tools/bin/../lib/gcc/arm-none-eabi/13.3.1/thumb/v7e-m+fp/hard/crtbegin.o

.rodata         0x08001058        0x0
                0x08001058                        . = ALIGN (0x4)
 *(.rodata)
 *(.rodata*)
                0x08001058                        . = ALIGN (0x4)

.ARM.extab      0x08001058        0x0
                0x08001058                        . = ALIGN (0x4)
 *(.ARM.extab* .gnu.linkonce.armextab.*)
                0x08001058                        . = ALIGN (0x4)

.ARM            0x08001058        0x0
                0x08001058                        . = ALIGN (0x4)
                0x08001058                        __exidx_start = .
 *(.ARM.exidx*)
                0x08001058                        __exidx_end = .
                0x08001058                        . = ALIGN (0x4)

.preinit_array  0x08001058        0x0
                0x08001058                        . = ALIGN (0x4)
                0x08001058                        PROVIDE (__preinit_array_start = .)
 *(.preinit_array*)
                0x08001058                        PROVIDE (__preinit_array_end = .)
                0x08001058                        . = ALIGN (0x4)

.init_array     0x08001058        0x4
                0x08001058                        . = ALIGN (0x4)
                0x08001058                        PROVIDE (__init_array_start = .)
 *(SORT_BY_NAME(.init_array.*))
 *(.init_array*)
 .init_array    0x08001058        0x4 /Applications/STM32CubeIDE.app/Contents/Eclipse/plugins/com.st.stm32cube.ide.mcu.externaltools.gnu-tools-for-stm32.13.3.rel1.macos64_1.0.100.202509120712/tools/bin/../lib/gcc/arm-none-eabi/13.3.1/thumb/v7e-m+fp/hard/crtbegin.o
                0x0800105c                        PROVIDE (__init_array_end = .)
                0x0800105c                        . = ALIGN (0x4)

.fini_array     0x0800105c        0x4
                0x0800105c                        . = ALIGN (0x4)
                [!provide]                        PROVIDE (__fini_array_start = .)
 *(SORT_BY_NAME(.fini_array.*))
 *(.fini_array*)
 .fini_array    0x0800105c        0x4 /Applications/STM32CubeIDE.app/Contents/Eclipse/plugins/com.st.stm32cube.ide.mcu.externaltools.gnu-tools-for-stm32.13.3.rel1.macos64_1.0.100.202509120712/tools/bin/../lib/gcc/arm-none-eabi/13.3.1/thumb/v7e-m+fp/hard/crtbegin.o
                [!provide]                        PROVIDE (__fini_array_end = .)
                0x08001060                        . = ALIGN (0x4)
                0x08001060                        _sidata = LOADADDR (.data)

.rel.dyn        0x08001060        0x0
 .rel.iplt      0x08001060        0x0 /Applications/STM32CubeIDE.app/Contents/Eclipse/plugins/com.st.stm32cube.ide.mcu.externaltools.gnu-tools-for-stm32.13.3.rel1.macos64_1.0.100.202509120712/tools/bin/../lib/gcc/arm-none-eabi/13.3.1/thumb/v7e-m+fp/hard/crtbegin.o

.data           0x20000000        0x8 load address 0x08001060
                0x20000000                        . = ALIGN (0x4)
                0x20000000                        _sdata = .
 *(.data)
 *(.data*)
 .data.verticalPeriod
                0x20000000        0x2 ./Core/Src/main.o
                0x20000000                verticalPeriod
 .data.horizontalPeriod
                0x20000002        0x2 ./Core/Src/main.o
                0x20000002                horizontalPeriod
 .data.SystemCoreClock
                0x20000004        0x4 ./Core/Src/system_stm32g4xx.o
                0x20000004                SystemCoreClock
 *(.RamFunc)
 *(.RamFunc*)
                0x20000008                        . = ALIGN (0x4)
                0x20000008                        _edata = .

.igot.plt       0x20000008        0x0 load address 0x08001068
 .igot.plt      0x20000008        0x0 /Applications/STM32CubeIDE.app/Contents/Eclipse/plugins/com.st.stm32cube.ide.mcu.externaltools.gnu-tools-for-stm32.13.3.rel1.macos64_1.0.100.202509120712/tools/bin/../lib/gcc/arm-none-eabi/13.3.1/thumb/v7e-m+fp/hard/crtbegin.o
                0x20000008                        . = ALIGN (0x4)

.bss            0x20000008       0x6c load address 0x08001068
                0x20000008                        _sbss = .
                0x20000008                        __bss_start__ = _sbss
 *(.bss)
 .bss           0x20000008       0x1c /Applications/STM32CubeIDE.app/Contents/Eclipse/plugins/com.st.stm32cube.ide.mcu.externaltools.gnu-tools-for-stm32.13.3.rel1.macos64_1.0.100.202509120712/tools/bin/../lib/gcc/arm-none-eabi/13.3.1/thumb/v7e-m+fp/hard/crtbegin.o
 *(.bss*)
 .bss.hcsr04_state
                0x20000024        0xc ./Core/Src/hcsr04.o
 .bss.instruction_timers
                0x20000030       0x14 ./Core/Src/main.o
                0x20000030                instruction_timers
 .bss.index_to_gpio_pin
                0x20000044       0x14 ./Core/Src/main.o
                0x20000044                index_to_gpio_pin
 .bss.distance  0x20000058        0x4 ./Core/Src/main.o
                0x20000058                distance
 .bss.RX_BUFFER
                0x2000005c        0x8 ./Core/Src/spi.o
                0x2000005c                RX_BUFFER
 .bss.TX_BUFFER
                0x20000064        0x8 ./Core/Src/spi.o
                0x20000064                TX_BUFFER
 .bss.transmitInterupts
                0x2000006c        0x1 ./Core/Src/spi.o
                0x2000006c                transmitInterupts
 .bss.buffer_idx
                0x2000006d        0x1 ./Core/Src/spi.o
                0x2000006d                buffer_idx
 .bss.tx_idx    0x2000006e        0x1 ./Core/Src/spi.o
 .bss.dirty     0x2000006f        0x1 ./Core/Src/spi.o
                0x2000006f                dirty
 .bss.msTick    0x20000070        0x4 ./Core/Src/systick.o
                0x20000070                msTick
 *(COMMON)
                0x20000074                        . = ALIGN (0x4)
                0x20000074                        _ebss = .
                0x20000074                        __bss_end__ = _ebss

._user_heap_stack
                0x20000074      0x604 load address 0x08001068
                0x20000078                        . = ALIGN (0x8)
 *fill*         0x20000074        0x4 
                [!provide]                        PROVIDE (end = .)
                0x20000078                        PROVIDE (_end = .)
                0x20000278                        . = (. + _Min_Heap_Size)
 *fill*         0x20000078      0x200 
                0x20000678                        . = (. + _Min_Stack_Size)
 *fill*         0x20000278      0x400 
                0x20000678                        . = ALIGN (0x8)

/DISCARD/
 libc.a(*)
 libm.a(*)
 libgcc.a(*)

.ARM.attributes
                0x00000000       0x30
 *(.ARM.attributes)
 .ARM.attributes
                0x00000000       0x22 /Applications/STM32CubeIDE.app/Contents/Eclipse/plugins/com.st.stm32cube.ide.mcu.externaltools.gnu-tools-for-stm32.13.3.rel1.macos64_1.0.100.202509120712/tools/bin/../lib/gcc/arm-none-eabi/13.3.1/thumb/v7e-m+fp/hard/crti.o
 .ARM.attributes
                0x00000022       0x34 /Applications/STM32CubeIDE.app/Contents/Eclipse/plugins/com.st.stm32cube.ide.mcu.externaltools.gnu-tools-for-stm32.13.3.rel1.macos64_1.0.100.202509120712/tools/bin/../lib/gcc/arm-none-eabi/13.3.1/thumb/v7e-m+fp/hard/crtbegin.o
 .ARM.attributes
                0x00000056       0x34 ./Core/Src/hcsr04.o
 .ARM.attributes
                0x0000008a       0x34 ./Core/Src/main.o
 .ARM.attributes
                0x000000be       0x34 ./Core/Src/pin_config.o
 .ARM.attributes
                0x000000f2       0x34 ./Core/Src/spi.o
 .ARM.attributes
                0x00000126       0x34 ./Core/Src/stm32g4xx_it.o
 .ARM.attributes
                0x0000015a       0x34 ./Core/Src/system_stm32g4xx.o
 .ARM.attributes
                0x0000018e       0x34 ./Core/Src/systick.o
 .ARM.attributes
                0x000001c2       0x21 ./Core/Startup/startup_stm32g474retx.o
 .ARM.attributes
                0x000001e3       0x34 /Applications/STM32CubeIDE.app/Contents/Eclipse/plugins/com.st.stm32cube.ide.mcu.externaltools.gnu-tools-for-stm32.13.3.rel1.macos64_1.0.100.202509120712/tools/bin/../lib/gcc/arm-none-eabi/13.3.1/../../../../arm-none-eabi/lib/thumb/v7e-m+fp/hard/libc_nano.a(libc_a-init.o)
 .ARM.attributes
                0x00000217       0x22 /Applications/STM32CubeIDE.app/Contents/Eclipse/plugins/com.st.stm32cube.ide.mcu.externaltools.gnu-tools-for-stm32.13.3.rel1.macos64_1.0.100.202509120712/tools/bin/../lib/gcc/arm-none-eabi/13.3.1/thumb/v7e-m+fp/hard/crtn.o
OUTPUT(StmNoHAL.elf elf32-littlearm)
LOAD linker stubs
LOAD /Applications/STM32CubeIDE.app/Contents/Eclipse/plugins/com.st.stm32cube.ide.mcu.externaltools.gnu-tools-for-stm32.13.3.rel1.macos64_1.0.100.202509120712/tools/bin/../lib/gcc/arm-none-eabi/13.3.1/../../../../arm-none-eabi/lib/thumb/v7e-m+fp/hard/libc.a
LOAD /Applications/STM32CubeIDE.app/Contents/Eclipse/plugins/com.st.stm32cube.ide.mcu.externaltools.gnu-tools-for-stm32.13.3.rel1.macos64_1.0.100.202509120712/tools/bin/../lib/gcc/arm-none-eabi/13.3.1/../../../../arm-none-eabi/lib/thumb/v7e-m+fp/hard/libm.a
LOAD /Applications/STM32CubeIDE.app/Contents/Eclipse/plugins/com.st.stm32cube.ide.mcu.externaltools.gnu-tools-for-stm32.13.3.rel1.macos64_1.0.100.202509120712/tools/bin/../lib/gcc/arm-none-eabi/13.3.1/thumb/v7e-m+fp/hard/libgcc.a

.debug_info     0x00000000     0x30bb
 .debug_info    0x00000000      0xc29 ./Core/Src/hcsr04.o
 .debug_info    0x00000c29      0xc8d ./Core/Src/main.o
 .debug_info    0x000018b6      0x646 ./Core/Src/pin_config.o
 .debug_info    0x00001efc      0xa35 ./Core/Src/spi.o
 .debug_info    0x00002931      0x10b ./Core/Src/stm32g4xx_it.o
 .debug_info    0x00002a3c      0x587 ./Core/Src/system_stm32g4xx.o
 .debug_info    0x00002fc3       0xc8 ./Core/Src/systick.o
 .debug_info    0x0000308b       0x30 ./Core/Startup/startup_stm32g474retx.o

.debug_abbrev   0x00000000      0xa4c
 .debug_abbrev  0x00000000      0x20d ./Core/Src/hcsr04.o
 .debug_abbrev  0x0000020d      0x262 ./Core/Src/main.o
 .debug_abbrev  0x0000046f      0x15e ./Core/Src/pin_config.o
 .debug_abbrev  0x000005cd      0x245 ./Core/Src/spi.o
 .debug_abbrev  0x00000812       0x73 ./Core/Src/stm32g4xx_it.o
 .debug_abbrev  0x00000885      0x11a ./Core/Src/system_stm32g4xx.o
 .debug_abbrev  0x0000099f       0x89 ./Core/Src/systick.o
 .debug_abbrev  0x00000a28       0x24 ./Core/Startup/startup_stm32g474retx.o

.debug_aranges  0x00000000      0x1f8
 .debug_aranges
                0x00000000       0x58 ./Core/Src/hcsr04.o
 .debug_aranges
                0x00000058       0x40 ./Core/Src/main.o
 .debug_aranges
                0x00000098       0x40 ./Core/Src/pin_config.o
 .debug_aranges
                0x000000d8       0x48 ./Core/Src/spi.o
 .debug_aranges
                0x00000120       0x60 ./Core/Src/stm32g4xx_it.o
 .debug_aranges
                0x00000180       0x28 ./Core/Src/system_stm32g4xx.o
 .debug_aranges
                0x000001a8       0x28 ./Core/Src/systick.o
 .debug_aranges
                0x000001d0       0x28 ./Core/Startup/startup_stm32g474retx.o

.debug_rnglists
                0x00000000      0x15b
 .debug_rnglists
                0x00000000       0x3e ./Core/Src/hcsr04.o
 .debug_rnglists
                0x0000003e       0x2d ./Core/Src/main.o
 .debug_rnglists
                0x0000006b       0x2d ./Core/Src/pin_config.o
 .debug_rnglists
                0x00000098       0x34 ./Core/Src/spi.o
 .debug_rnglists
                0x000000cc       0x43 ./Core/Src/stm32g4xx_it.o
 .debug_rnglists
                0x0000010f       0x1a ./Core/Src/system_stm32g4xx.o
 .debug_rnglists
                0x00000129       0x19 ./Core/Src/systick.o
 .debug_rnglists
                0x00000142       0x19 ./Core/Startup/startup_stm32g474retx.o

.debug_macro    0x00000000    0x1b56a
 .debug_macro   0x00000000       0xef ./Core/Src/hcsr04.o
 .debug_macro   0x000000ef      0xb14 ./Core/Src/hcsr04.o
 .debug_macro   0x00000c03       0x22 ./Core/Src/hcsr04.o
 .debug_macro   0x00000c25       0x8e ./Core/Src/hcsr04.o
 .debug_macro   0x00000cb3       0x51 ./Core/Src/hcsr04.o
 .debug_macro   0x00000d04      0x103 ./Core/Src/hcsr04.o
 .debug_macro   0x00000e07       0x6a ./Core/Src/hcsr04.o
 .debug_macro   0x00000e71      0x1df ./Core/Src/hcsr04.o
 .debug_macro   0x00001050       0x2e ./Core/Src/hcsr04.o
 .debug_macro   0x0000107e       0x28 ./Core/Src/hcsr04.o
 .debug_macro   0x000010a6       0x1c ./Core/Src/hcsr04.o
 .debug_macro   0x000010c2       0x22 ./Core/Src/hcsr04.o
 .debug_macro   0x000010e4       0xfb ./Core/Src/hcsr04.o
 .debug_macro   0x000011df     0x1011 ./Core/Src/hcsr04.o
 .debug_macro   0x000021f0      0x11f ./Core/Src/hcsr04.o
 .debug_macro   0x0000230f    0x18b8c ./Core/Src/hcsr04.o
 .debug_macro   0x0001ae9b       0x6d ./Core/Src/hcsr04.o
 .debug_macro   0x0001af08       0x28 ./Core/Src/hcsr04.o
 .debug_macro   0x0001af30      0x118 ./Core/Src/hcsr04.o
 .debug_macro   0x0001b048      0x102 ./Core/Src/main.o
 .debug_macro   0x0001b14a       0x10 ./Core/Src/main.o
 .debug_macro   0x0001b15a       0xdc ./Core/Src/pin_config.o
 .debug_macro   0x0001b236       0xee ./Core/Src/spi.o
 .debug_macro   0x0001b324       0xf0 ./Core/Src/stm32g4xx_it.o
 .debug_macro   0x0001b414       0x1c ./Core/Src/stm32g4xx_it.o
 .debug_macro   0x0001b430       0xcd ./Core/Src/system_stm32g4xx.o
 .debug_macro   0x0001b4fd       0x6d ./Core/Src/systick.o

.debug_line     0x00000000     0x2854
 .debug_line    0x00000000      0x636 ./Core/Src/hcsr04.o
 .debug_line    0x00000636      0x6c8 ./Core/Src/main.o
 .debug_line    0x00000cfe      0x663 ./Core/Src/pin_config.o
 .debug_line    0x00001361      0x651 ./Core/Src/spi.o
 .debug_line    0x000019b2      0x554 ./Core/Src/stm32g4xx_it.o
 .debug_line    0x00001f06      0x4fa ./Core/Src/system_stm32g4xx.o
 .debug_line    0x00002400      0x3d9 ./Core/Src/systick.o
 .debug_line    0x000027d9       0x7b ./Core/Startup/startup_stm32g474retx.o

.debug_str      0x00000000    0x9f270
 .debug_str     0x00000000    0x9f270 ./Core/Src/hcsr04.o
                              0x9ef88 (size before relaxing)
 .debug_str     0x0009f270        0x0 ./Core/Src/main.o
                              0x9ef27 (size before relaxing)
 .debug_str     0x0009f270        0x0 ./Core/Src/pin_config.o
                              0x9e499 (size before relaxing)
 .debug_str     0x0009f270        0x0 ./Core/Src/spi.o
                              0x9ee7d (size before relaxing)
 .debug_str     0x0009f270        0x0 ./Core/Src/stm32g4xx_it.o
                              0x9e2a4 (size before relaxing)
 .debug_str     0x0009f270        0x0 ./Core/Src/system_stm32g4xx.o
                              0x9e3b9 (size before relaxing)
 .debug_str     0x0009f270        0x0 ./Core/Src/systick.o
                               0x3ea7 (size before relaxing)
 .debug_str     0x0009f270        0x0 ./Core/Startup/startup_stm32g474retx.o
                                 0x81 (size before relaxing)

.comment        0x00000000       0x43
 .comment       0x00000000       0x43 ./Core/Src/hcsr04.o
                                 0x44 (size before relaxing)
 .comment       0x00000043        0x0 ./Core/Src/main.o
                                 0x44 (size before relaxing)
 .comment       0x00000043        0x0 ./Core/Src/pin_config.o
                                 0x44 (size before relaxing)
 .comment       0x00000043        0x0 ./Core/Src/spi.o
                                 0x44 (size before relaxing)
 .comment       0x00000043        0x0 ./Core/Src/stm32g4xx_it.o
                                 0x44 (size before relaxing)
 .comment       0x00000043        0x0 ./Core/Src/system_stm32g4xx.o
                                 0x44 (size before relaxing)
 .comment       0x00000043        0x0 ./Core/Src/systick.o
                                 0x44 (size before relaxing)

.debug_frame    0x00000000      0x584
 .debug_frame   0x00000000      0x118 ./Core/Src/hcsr04.o
 .debug_frame   0x00000118       0xc4 ./Core/Src/main.o
 .debug_frame   0x000001dc       0xd4 ./Core/Src/pin_config.o
 .debug_frame   0x000002b0       0xfc ./Core/Src/spi.o
 .debug_frame   0x000003ac      0x104 ./Core/Src/stm32g4xx_it.o
 .debug_frame   0x000004b0       0x58 ./Core/Src/system_stm32g4xx.o
 .debug_frame   0x00000508       0x50 ./Core/Src/systick.o
 .debug_frame   0x00000558       0x2c /Applications/STM32CubeIDE.app/Contents/Eclipse/plugins/com.st.stm32cube.ide.mcu.externaltools.gnu-tools-for-stm32.13.3.rel1.macos64_1.0.100.202509120712/tools/bin/../lib/gcc/arm-none-eabi/13.3.1/../../../../arm-none-eabi/lib/thumb/v7e-m+fp/hard/libc_nano.a(libc_a-init.o)

.debug_line_str
                0x00000000       0x65
 .debug_line_str
                0x00000000       0x65 ./Core/Startup/startup_stm32g474retx.o
